[2022-09-04T21:42:11.875+0200][gc] Using G1
[2022-09-04T21:42:11.881+0200][gc,init] Version: 15.0.2+7-27 (release)
[2022-09-04T21:42:11.881+0200][gc,init] CPUs: 8 total, 8 available
[2022-09-04T21:42:11.882+0200][gc,init] Memory: 15785M
[2022-09-04T21:42:11.882+0200][gc,init] Large Page Support: Disabled
[2022-09-04T21:42:11.882+0200][gc,init] NUMA Support: Disabled
[2022-09-04T21:42:11.882+0200][gc,init] Compressed Oops: Enabled (32-bit)
[2022-09-04T21:42:11.882+0200][gc,init] Heap Region Size: 1M
[2022-09-04T21:42:11.882+0200][gc,init] Heap Min Capacity: 1G
[2022-09-04T21:42:11.882+0200][gc,init] Heap Initial Capacity: 1G
[2022-09-04T21:42:11.882+0200][gc,init] Heap Max Capacity: 1G
[2022-09-04T21:42:11.882+0200][gc,init] Pre-touch: Disabled
[2022-09-04T21:42:11.882+0200][gc,init] Parallel Workers: 8
[2022-09-04T21:42:11.882+0200][gc,init] Concurrent Workers: 2
[2022-09-04T21:42:11.882+0200][gc,init] Concurrent Refinement Workers: 8
[2022-09-04T21:42:11.882+0200][gc,init] Periodic GC: Disabled
[2022-09-04T21:42:11.882+0200][gc,cds ] Mark closed archive regions in map: [0x00000000fff00000, 0x00000000fff7bff8]
[2022-09-04T21:42:11.882+0200][gc,cds ] Mark open archive regions in map: [0x00000000ffe00000, 0x00000000ffe51ff8]
[2022-09-04T21:42:11.882+0200][gc,metaspace] CDS archive(s) mapped at: [0x0000000800000000-0x0000000800b36000-0x0000000800b36000), size 11755520, SharedBaseAddress: 0x0000000800000000, ArchiveRelocationMode: 0.
[2022-09-04T21:42:11.882+0200][gc,metaspace] Compressed class space mapped at: 0x0000000800b38000-0x0000000840b38000, size: 1073741824
[2022-09-04T21:42:11.882+0200][gc,metaspace] Narrow klass base: 0x0000000800000000, Narrow klass shift: 3, Narrow klass range: 0x100000000
[2022-09-04T21:42:12.803+0200][gc,start    ] GC(0) Pause Young (Normal) (G1 Evacuation Pause)
[2022-09-04T21:42:12.804+0200][gc,task     ] GC(0) Using 8 workers of 8 for evacuation
[2022-09-04T21:42:12.808+0200][gc,phases   ] GC(0)   Pre Evacuate Collection Set: 0,1ms
[2022-09-04T21:42:12.808+0200][gc,phases   ] GC(0)   Merge Heap Roots: 0,0ms
[2022-09-04T21:42:12.808+0200][gc,phases   ] GC(0)   Evacuate Collection Set: 2,8ms
[2022-09-04T21:42:12.808+0200][gc,phases   ] GC(0)   Post Evacuate Collection Set: 0,3ms
[2022-09-04T21:42:12.808+0200][gc,phases   ] GC(0)   Other: 0,9ms
[2022-09-04T21:42:12.808+0200][gc,heap     ] GC(0) Eden regions: 51->0(44)
[2022-09-04T21:42:12.808+0200][gc,heap     ] GC(0) Survivor regions: 0->7(7)
[2022-09-04T21:42:12.808+0200][gc,heap     ] GC(0) Old regions: 0->1
[2022-09-04T21:42:12.808+0200][gc,heap     ] GC(0) Archive regions: 2->2
[2022-09-04T21:42:12.808+0200][gc,heap     ] GC(0) Humongous regions: 0->0
[2022-09-04T21:42:12.808+0200][gc,metaspace] GC(0) Metaspace: 18970K(19456K)->18970K(19456K) NonClass: 16741K(17152K)->16741K(17152K) Class: 2229K(2304K)->2229K(2304K)
[2022-09-04T21:42:12.808+0200][gc          ] GC(0) Pause Young (Normal) (G1 Evacuation Pause) 51M->7M(1024M) 4,301ms
[2022-09-04T21:42:12.808+0200][gc,cpu      ] GC(0) User=0,02s Sys=0,00s Real=0,00s
[2022-09-04T21:42:12.956+0200][gc,start    ] GC(1) Pause Young (Concurrent Start) (Metadata GC Threshold)
[2022-09-04T21:42:12.956+0200][gc,task     ] GC(1) Using 8 workers of 8 for evacuation
[2022-09-04T21:42:12.959+0200][gc,phases   ] GC(1)   Pre Evacuate Collection Set: 0,1ms
[2022-09-04T21:42:12.959+0200][gc,phases   ] GC(1)   Merge Heap Roots: 0,0ms
[2022-09-04T21:42:12.959+0200][gc,phases   ] GC(1)   Evacuate Collection Set: 3,2ms
[2022-09-04T21:42:12.959+0200][gc,phases   ] GC(1)   Post Evacuate Collection Set: 0,3ms
[2022-09-04T21:42:12.959+0200][gc,phases   ] GC(1)   Other: 0,2ms
[2022-09-04T21:42:12.959+0200][gc,heap     ] GC(1) Eden regions: 8->0(50)
[2022-09-04T21:42:12.959+0200][gc,heap     ] GC(1) Survivor regions: 7->1(7)
[2022-09-04T21:42:12.959+0200][gc,heap     ] GC(1) Old regions: 1->8
[2022-09-04T21:42:12.959+0200][gc,heap     ] GC(1) Archive regions: 2->2
[2022-09-04T21:42:12.959+0200][gc,heap     ] GC(1) Humongous regions: 0->0
[2022-09-04T21:42:12.959+0200][gc,metaspace] GC(1) Metaspace: 20804K(21248K)->20804K(21248K) NonClass: 18326K(18688K)->18326K(18688K) Class: 2477K(2560K)->2477K(2560K)
[2022-09-04T21:42:12.960+0200][gc          ] GC(1) Pause Young (Concurrent Start) (Metadata GC Threshold) 15M->8M(1024M) 3,878ms
[2022-09-04T21:42:12.960+0200][gc,cpu      ] GC(1) User=0,02s Sys=0,00s Real=0,01s
[2022-09-04T21:42:12.960+0200][gc          ] GC(2) Concurrent Cycle
[2022-09-04T21:42:12.960+0200][gc,marking  ] GC(2) Concurrent Clear Claimed Marks
[2022-09-04T21:42:12.960+0200][gc,marking  ] GC(2) Concurrent Clear Claimed Marks 0,016ms
[2022-09-04T21:42:12.960+0200][gc,marking  ] GC(2) Concurrent Scan Root Regions
[2022-09-04T21:42:12.962+0200][gc,marking  ] GC(2) Concurrent Scan Root Regions 1,938ms
[2022-09-04T21:42:12.962+0200][gc,marking  ] GC(2) Concurrent Mark (1,106s)
[2022-09-04T21:42:12.962+0200][gc,marking  ] GC(2) Concurrent Mark From Roots
[2022-09-04T21:42:12.962+0200][gc,task     ] GC(2) Using 2 workers of 2 for marking
[2022-09-04T21:42:12.963+0200][gc,marking  ] GC(2) Concurrent Mark From Roots 1,466ms
[2022-09-04T21:42:12.963+0200][gc,marking  ] GC(2) Concurrent Preclean
[2022-09-04T21:42:12.963+0200][gc,marking  ] GC(2) Concurrent Preclean 0,040ms
[2022-09-04T21:42:12.963+0200][gc,marking  ] GC(2) Concurrent Mark (1,106s, 1,107s) 1,550ms
[2022-09-04T21:42:12.963+0200][gc,start    ] GC(2) Pause Remark
[2022-09-04T21:42:12.965+0200][gc          ] GC(2) Pause Remark 9M->9M(1024M) 1,696ms
[2022-09-04T21:42:12.965+0200][gc,cpu      ] GC(2) User=0,01s Sys=0,00s Real=0,00s
[2022-09-04T21:42:12.965+0200][gc,marking  ] GC(2) Concurrent Rebuild Remembered Sets
[2022-09-04T21:42:12.968+0200][gc,marking  ] GC(2) Concurrent Rebuild Remembered Sets 3,041ms
[2022-09-04T21:42:12.969+0200][gc,start    ] GC(2) Pause Cleanup
[2022-09-04T21:42:12.969+0200][gc          ] GC(2) Pause Cleanup 9M->9M(1024M) 0,243ms
[2022-09-04T21:42:12.969+0200][gc,cpu      ] GC(2) User=0,00s Sys=0,00s Real=0,00s
[2022-09-04T21:42:12.969+0200][gc,marking  ] GC(2) Concurrent Cleanup for Next Mark
[2022-09-04T21:42:12.972+0200][gc,marking  ] GC(2) Concurrent Cleanup for Next Mark 3,010ms
[2022-09-04T21:42:12.972+0200][gc          ] GC(2) Concurrent Cycle 12,883ms
[2022-09-04T21:42:16.037+0200][gc,start    ] GC(3) Pause Young (Normal) (G1 Evacuation Pause)
[2022-09-04T21:42:16.037+0200][gc,task     ] GC(3) Using 8 workers of 8 for evacuation
[2022-09-04T21:42:16.042+0200][gc,phases   ] GC(3)   Pre Evacuate Collection Set: 0,1ms
[2022-09-04T21:42:16.042+0200][gc,phases   ] GC(3)   Merge Heap Roots: 0,1ms
[2022-09-04T21:42:16.042+0200][gc,phases   ] GC(3)   Evacuate Collection Set: 4,0ms
[2022-09-04T21:42:16.042+0200][gc,phases   ] GC(3)   Post Evacuate Collection Set: 0,6ms
[2022-09-04T21:42:16.042+0200][gc,phases   ] GC(3)   Other: 0,1ms
[2022-09-04T21:42:16.042+0200][gc,heap     ] GC(3) Eden regions: 50->0(48)
[2022-09-04T21:42:16.042+0200][gc,heap     ] GC(3) Survivor regions: 1->3(7)
[2022-09-04T21:42:16.042+0200][gc,heap     ] GC(3) Old regions: 8->8
[2022-09-04T21:42:16.042+0200][gc,heap     ] GC(3) Archive regions: 2->2
[2022-09-04T21:42:16.042+0200][gc,heap     ] GC(3) Humongous regions: 129->0
[2022-09-04T21:42:16.042+0200][gc,metaspace] GC(3) Metaspace: 31024K(31872K)->31024K(31872K) NonClass: 27486K(28160K)->27486K(28160K) Class: 3537K(3712K)->3537K(3712K)
[2022-09-04T21:42:16.042+0200][gc          ] GC(3) Pause Young (Normal) (G1 Evacuation Pause) 187M->10M(1024M) 5,107ms
[2022-09-04T21:42:16.042+0200][gc,cpu      ] GC(3) User=0,02s Sys=0,00s Real=0,01s
[2022-09-04T21:42:16.043+0200][gc,heap,exit] Heap
[2022-09-04T21:42:16.043+0200][gc,heap,exit]  garbage-first heap   total 1048576K, used 11194K [0x00000000c0000000, 0x0000000100000000)
[2022-09-04T21:42:16.043+0200][gc,heap,exit]   region size 1024K, 4 young (4096K), 3 survivors (3072K)
[2022-09-04T21:42:16.043+0200][gc,heap,exit]  Metaspace       used 31025K, capacity 31386K, committed 31872K, reserved 1077248K
[2022-09-04T21:42:16.043+0200][gc,heap,exit]   class space    used 3537K, capacity 3653K, committed 3712K, reserved 1048576K
